≡ƒöì Testing Railway API Create Issue...

1. Logging in...
Γ£à Login successful

2. Testing book creation...
Creating book: { title: 'Test Book 1752956941775', category: 'Test Category' }
Response status: 200
Response headers: {
  'content-length': '202',
  'content-type': 'application/json',
  date: 'Sat, 19 Jul 2025 20:29:01 GMT',
  server: 'railway-edge',
  'x-railway-edge': 'railway/europe-west4-drams3a',
  'x-railway-request-id': 'LHvkwtU0Q5O5r2ZX0-QtfA'
}
Γ£à SUCCESS! Book created: {
  title: 'Test Book 1752956941775',
  description: null,
  category: 'Test Category',
  cover_url: null,
  download_url: null,
  id: '93385c0b-0fd4-4163-a123-bc7f4cdebf96',
  added_at: '2025-07-19T20:29:02.149960'
}
Total books now: 58

3. Testing disease creation...
Disease create status: 200
Γ£à Disease created: Test Disease 1752956944529
